[33mÔØ»[39m Building...
[32mÔ£ö[39m Building...
Application bundle generation failed. [3.266 seconds] - 2025-12-05T16:50:50.886Z

node.exe : 
[1m[33m[33mÔû▓ [43
;33m[[43;30mWARNING[
43;33m][0m 
[1mNG8113: NgIf is 
not used within the 
template of 
LoginComponent[0m 
[1m[35m[plugin 
angular-compiler][0m
En C:\Program 
Files\nodejs\npx.ps1: 
29 Carácter: 3
+   & $NODE_EXE 
$NPX_CLI_JS $args
+   ~~~~~~~~~~~~~~~~~~
~~~~~~~~~~~
    + CategoryInfo    
          : NotSpeci  
  fied: ([1m[33m   
 [33mÔ...r-compile    
r][0m:String) []    
, RemoteException
    + FullyQualifiedE 
   rrorId : NativeCo  
  mmandError
 

    src/app/login/logi
n.component.ts:8:12:
[37m      8 Ôöé   
imports: 
[[32mNgIf[37m, 
FormsModule],
        ÔòÁ           
  [32m~~~~[0m

[39m[22m
[1m[31m[31mX [41;3
1m[[41;97mERROR[41;3
1m][0m [1mNG5002: 
Unexpected closing 
tag "div". It may 
happen when the tag 
has already been 
closed by another 
tag. For more info 
see https://www.w3.org
/TR/html5/syntax.html#
closing-elements-that-
have-implied-end-tags
[0m [1m[35m[plugin 
angular-compiler][0m

    src/app/login/logi
n.component.html:46:0:
[37m      46 Ôöé 
[32m</div>[37m
         ÔòÁ 
[32m~~~~~~[0m

  Error occurs in the 
template of component 
LoginComponent.

    src/app/login/logi
n.component.ts:9:15:
[37m      9 Ôöé   
templateUrl: [32m'./l
ogin.component.html'[
37m,
        ÔòÁ           
     [32m~~~~~~~~~~~~
~~~~~~~~~~~~[0m

[39m[22m
